=== PARTE A (restaurar). DOC: QA documento Chapéu Feito à mão de Congelado 0492f132
>> POST /portal/api/rest/wcm/page/application/ecm_documentpublisher/partial?space=&partial=documentpublisher.ftl 
<< 200 /portal/api/rest/wcm/page/application/ecm_documentpublisher/partial?space=&partial=documentpublisher.ftl RESP: {"content":{"resources":[{"type":"js","resource":"/resources/components/tabview/tabview_pt_BR.js"},{"type":"css","resource":"/resources/components/tabview/tabview.css"}],"content":"<link rel=\"stylesheet\" type=\"text/css\" href=\"resources/css/documentpublisher.css?v=2.0.0-260811\" />\n<script type=\"text/javascript\" src=\"resources/js/documentpublisher_pt_BR.js?v=2.0.0-260811\" >\n\tECM.documen
>> POST /ecm/api/rest/ecm/documentPublisher/saveNewItem BODY: {"companyId":1,"documentId":0,"version":1000,"parentDocumentId":704916,"privateDocument":true,"manualVersion":false,"documentDescription":"QA documento Chapéu Feito à mão de Congelado 0492f132","additionalComments":"","versionDescription":null,"cardDescription":null,"publisherId":"TOTVS-FS","inheritSecurity":true,"publicDocument":false,"inheritApprovers":false,"uploadFolder":"https://caixade182374.fluig.cloudtotvs.com.br/webdesk/Upload","deleteUploadFiles":true,"documentType":"2","documentTypeId":null,"infGeralVO":null,"approved":false,"securityPermissionVOs":[{"permission":true,"showContent":true,"securityVersion":false,"attributionType":1,"attributionValue":"TOTVS-FS","securityLevel":3,"in
<< 200 /ecm/api/rest/ecm/documentPublisher/saveNewItem RESP: {"msgId":"Novo documento publicado: QA documento Chapéu Feito à mão de Congelado 0492f132"}
>> DELETE /ecm/api/rest/ecm/navigation/removeDoc/ BODY: {"docsToDelete":[{"docId":"706773","isLink":false,"parentId":704916}],"metadataFormsToDelete":[]}
<< 200 /ecm/api/rest/ecm/navigation/removeDoc/ RESP: {"content":"OK","message":null}
excluido, id = 706773
--- RESTAURANDO (capturar contrato) ---
>> POST /g/collect?v=2&tid=G-F0FT6D1NQG&gtm=45je68p0h2v9101337015za200zd9101337015&_p=1787767705126&gcd=13l3l3l3l1l1&npa=0&dma=0&_eu=AAAAAAQ&are=1&cid=963404541.1787767635&frm=0&ngs=1&pscdl=noapi&rcb=17&sr=1280x720&uaa=x86&uab=64&uafvl=Not%253DA%253FBrand%3B99.0.0.0%7CHeadlessChrome%3B151.0.7922.34%7CChromium%3B151.0.7922.34&uam=&uamb=0&uap=Linux&uapv=&uaw=0&ul=pt-br&_s=1&tag_exp=115938465~115938468~118897920~118897930~119367802~119367810~120213116~120385422&sid=1787767635&sct=1&seg=1&dl=https%3A%2F%2Fcaixade182374.fluig.cloudtotvs.com.br%2Fportal%2Fp%2F1%2Fpagerecyclebin&dt=Cassi%20-%20Fluig%20Plataforma%20-%20Lixeira&en=page_view&_ee=1&tfd=2190 
<< 204 /g/collect?v=2&tid=G-F0FT6D1NQG&gtm=45je68p0h2v9101337015za200zd9101337015&_p=1787767705126&gcd=13l3l3l3l1l1&npa=0&dma=0&_eu=AAAAAAQ&are=1&cid=963404541.1787767635&frm=0&ngs=1&pscdl=noapi&rcb=17&sr=1280x720&uaa=x86&uab=64&uafvl=Not%253DA%253FBrand%3B99.0.0.0%7CHeadlessChrome%3B151.0.7922.34%7CChromium%3B151.0.7922.34&uam=&uamb=0&uap=Linux&uapv=&uaw=0&ul=pt-br&_s=1&tag_exp=115938465~115938468~118897920~118897930~119367802~119367810~120213116~120385422&sid=1787767635&sct=1&seg=1&dl=https%3A%2F%2Fcaixade182374.fluig.cloudtotvs.com.br%2Fportal%2Fp%2F1%2Fpagerecyclebin&dt=Cassi%20-%20Fluig%20Plataforma%20-%20Lixeira&en=page_view&_ee=1&tfd=2190 RESP: 
>> POST /g/collect?v=2&tid=G-F0FT6D1NQG&gtm=45je68p0h2v9101337015za200zd9101337015&_p=1787767705126&gcd=13l3l3l3l1l1&npa=0&dma=0&_eu=AEAAAAQ&ae=a&are=1&cid=963404541.1787767635&frm=0&ngs=1&pscdl=noapi&rcb=17&sr=1280x720&uaa=x86&uab=64&uafvl=Not%253DA%253FBrand%3B99.0.0.0%7CHeadlessChrome%3B151.0.7922.34%7CChromium%3B151.0.7922.34&uam=&uamb=0&uap=Linux&uapv=&uaw=0&ul=pt-br&_s=2&tag_exp=115938465~115938468~118897920~118897930~119367802~119367810~120213116~120385422&sid=1787767635&sct=1&seg=1&dl=https%3A%2F%2Fcaixade182374.fluig.cloudtotvs.com.br%2Fportal%2Fp%2F1%2Fpagerecyclebin&dt=Cassi%20-%20Fluig%20Plataforma%20-%20Lixeira&en=scroll&epn.percent_scrolled=90&_et=1440&tfd=7191 
<< 204 /g/collect?v=2&tid=G-F0FT6D1NQG&gtm=45je68p0h2v9101337015za200zd9101337015&_p=1787767705126&gcd=13l3l3l3l1l1&npa=0&dma=0&_eu=AEAAAAQ&ae=a&are=1&cid=963404541.1787767635&frm=0&ngs=1&pscdl=noapi&rcb=17&sr=1280x720&uaa=x86&uab=64&uafvl=Not%253DA%253FBrand%3B99.0.0.0%7CHeadlessChrome%3B151.0.7922.34%7CChromium%3B151.0.7922.34&uam=&uamb=0&uap=Linux&uapv=&uaw=0&ul=pt-br&_s=2&tag_exp=115938465~115938468~118897920~118897930~119367802~119367810~120213116~120385422&sid=1787767635&sct=1&seg=1&dl=https%3A%2F%2Fcaixade182374.fluig.cloudtotvs.com.br%2Fportal%2Fp%2F1%2Fpagerecyclebin&dt=Cassi%20-%20Fluig%20Plataforma%20-%20Lixeira&en=scroll&epn.percent_scrolled=90&_et=1440&tfd=7191 RESP: 
>> POST /ecm/api/rest/ecm/recycleBin/restoreDocument/ BODY: {"docsToRestore":["706773"]}
<< 200 /ecm/api/rest/ecm/recycleBin/restoreDocument/ RESP: {"content":"OK","message":null}
restaurado OK — voltou para Meus Documentos
>> DELETE /ecm/api/rest/ecm/navigation/removeDoc/ BODY: {"docsToDelete":[{"docId":"706773","isLink":false,"parentId":704916}],"metadataFormsToDelete":[]}
<< 200 /ecm/api/rest/ecm/navigation/removeDoc/ RESP: {"content":"OK","message":null}
>> POST /g/collect?v=2&tid=G-F0FT6D1NQG&gtm=45je68p0h2v9101337015za200zd9101337015&_p=1787767817882&gcd=13l3l3l3l1l1&npa=0&dma=0&_eu=AAAAAAQ&are=1&cid=963404541.1787767635&frm=0&ngs=1&pscdl=noapi&rcb=11&sr=1280x720&uaa=x86&uab=64&uafvl=Not%253DA%253FBrand%3B99.0.0.0%7CHeadlessChrome%3B151.0.7922.34%7CChromium%3B151.0.7922.34&uam=&uamb=0&uap=Linux&uapv=&uaw=0&ul=pt-br&_s=1&tag_exp=115938466~115938469~118897920~118897930~119367802~119367810~119404698~119791749~120213116~120385422&sid=1787767635&sct=1&seg=1&dl=https%3A%2F%2Fcaixade182374.fluig.cloudtotvs.com.br%2Fportal%2Fp%2F1%2Fpagerecyclebin&dt=Cassi%20-%20Fluig%20Plataforma%20-%20Lixeira&en=page_view&_ee=1&tfd=2028 
<< 204 /g/collect?v=2&tid=G-F0FT6D1NQG&gtm=45je68p0h2v9101337015za200zd9101337015&_p=1787767817882&gcd=13l3l3l3l1l1&npa=0&dma=0&_eu=AAAAAAQ&are=1&cid=963404541.1787767635&frm=0&ngs=1&pscdl=noapi&rcb=11&sr=1280x720&uaa=x86&uab=64&uafvl=Not%253DA%253FBrand%3B99.0.0.0%7CHeadlessChrome%3B151.0.7922.34%7CChromium%3B151.0.7922.34&uam=&uamb=0&uap=Linux&uapv=&uaw=0&ul=pt-br&_s=1&tag_exp=115938466~115938469~118897920~118897930~119367802~119367810~119404698~119791749~120213116~120385422&sid=1787767635&sct=1&seg=1&dl=https%3A%2F%2Fcaixade182374.fluig.cloudtotvs.com.br%2Fportal%2Fp%2F1%2Fpagerecyclebin&dt=Cassi%20-%20Fluig%20Plataforma%20-%20Lixeira&en=page_view&_ee=1&tfd=2028 RESP: 
>> POST /g/collect?v=2&tid=G-F0FT6D1NQG&gtm=45je68p0h2v9101337015za200zd9101337015&_p=1787767817882&gcd=13l3l3l3l1l1&npa=0&dma=0&_eu=AEAAAAQ&ae=a&are=1&cid=963404541.1787767635&frm=0&ngs=1&pscdl=noapi&rcb=11&sr=1280x720&uaa=x86&uab=64&uafvl=Not%253DA%253FBrand%3B99.0.0.0%7CHeadlessChrome%3B151.0.7922.34%7CChromium%3B151.0.7922.34&uam=&uamb=0&uap=Linux&uapv=&uaw=0&ul=pt-br&_s=2&tag_exp=115938466~115938469~118897920~118897930~119367802~119367810~119404698~119791749~120213116~120385422&sid=1787767635&sct=1&seg=1&dl=https%3A%2F%2Fcaixade182374.fluig.cloudtotvs.com.br%2Fportal%2Fp%2F1%2Fpagerecyclebin&dt=Cassi%20-%20Fluig%20Plataforma%20-%20Lixeira&en=scroll&epn.percent_scrolled=90&_et=1208&tfd=7029 
<< 204 /g/collect?v=2&tid=G-F0FT6D1NQG&gtm=45je68p0h2v9101337015za200zd9101337015&_p=1787767817882&gcd=13l3l3l3l1l1&npa=0&dma=0&_eu=AEAAAAQ&ae=a&are=1&cid=963404541.1787767635&frm=0&ngs=1&pscdl=noapi&rcb=11&sr=1280x720&uaa=x86&uab=64&uafvl=Not%253DA%253FBrand%3B99.0.0.0%7CHeadlessChrome%3B151.0.7922.34%7CChromium%3B151.0.7922.34&uam=&uamb=0&uap=Linux&uapv=&uaw=0&ul=pt-br&_s=2&tag_exp=115938466~115938469~118897920~118897930~119367802~119367810~119404698~119791749~120213116~120385422&sid=1787767635&sct=1&seg=1&dl=https%3A%2F%2Fcaixade182374.fluig.cloudtotvs.com.br%2Fportal%2Fp%2F1%2Fpagerecyclebin&dt=Cassi%20-%20Fluig%20Plataforma%20-%20Lixeira&en=scroll&epn.percent_scrolled=90&_et=1208&tfd=7029 RESP: 
>> DELETE /ecm/api/rest/ecm/recycleBin/removeDocument/ BODY: {"docsToDelete":["706773"],"colleagueIds":[]}
<< 200 /ecm/api/rest/ecm/recycleBin/removeDocument/ RESP: {"content":"OK","message":null}
PARTE A limpa (excluido definitivo).
=== PARTE B (aprovacao pendente -> rejeitar). DOC: QA documento Pizza Lindo de Aço d3f4435c
>> POST /portal/api/rest/wcm/page/application/ecm_documentpublisher/partial?space=&partial=documentpublisher.ftl 
<< 200 /portal/api/rest/wcm/page/application/ecm_documentpublisher/partial?space=&partial=documentpublisher.ftl RESP: {"content":{"resources":[{"type":"js","resource":"/resources/components/tabview/tabview_pt_BR.js"},{"type":"css","resource":"/resources/components/tabview/tabview.css"}],"content":"<link rel=\"stylesheet\" type=\"text/css\" href=\"resources/css/documentpublisher.css?v=2.0.0-260811\" />\n<script type=\"text/javascript\" src=\"resources/js/documentpublisher_pt_BR.js?v=2.0.0-260811\" >\n\tECM.documen
>> POST /ecm/api/rest/ecm/documentPublisher/saveNewItem BODY: {"companyId":1,"documentId":0,"version":1000,"parentDocumentId":343011,"privateDocument":false,"manualVersion":false,"documentDescription":"QA documento Pizza Lindo de Aço d3f4435c","additionalComments":"","versionDescription":null,"cardDescription":null,"publisherId":"TOTVS-FS","inheritSecurity":true,"publicDocument":false,"inheritApprovers":false,"uploadFolder":"https://caixade182374.fluig.cloudtotvs.com.br/webdesk/Upload","deleteUploadFiles":true,"documentType":"2","documentTypeId":null,"infGeralVO":null,"approved":false,"securityPermissionVOs":[{"permission":true,"showContent":true,"securityVersion":false,"attributionType":1,"attributionValue":"TOTVS-FS","securityLevel":3,"inheritSecurit
<< 200 /ecm/api/rest/ecm/documentPublisher/saveNewItem RESP: {"msgId":"Novo documento publicado e enviado para aprovação: QA documento Pizza Lindo de Aço d3f4435c"}
publicado com aprovacao pendente
pendente aparece na pasta? false
>> POST /portal/api/rest/session/setAttribute?space=&name=centralTaskType&value=requests 
<< 204 /portal/api/rest/session/setAttribute?space=&name=centralTaskType&value=requests RESP: 
>> POST /portal/api/rest/session/setAttribute?space=&name=centralTaskFilterOrder 
>> POST /portal/api/rest/session/setAttribute?space=&name=centralTaskFields 
>> POST /portal/api/rest/session/setAttribute?space=&name=centralTaskFilterId 
<< 204 /portal/api/rest/session/setAttribute?space=&name=centralTaskFilterOrder RESP: 
<< 204 /portal/api/rest/session/setAttribute?space=&name=centralTaskFields RESP: 
<< 204 /portal/api/rest/session/setAttribute?space=&name=centralTaskFilterId RESP: 
>> POST /portal/api/rest/session/setAttribute?space=&name=centralTaskProcessPage&value=1 
>> POST /portal/api/rest/session/setAttribute?space=&name=centralTaskProcessRowNum&value=15 
>> POST /portal/api/rest/session/setAttribute?space=&name=centralTaskProcessSortname&value=processInstanceId 
>> POST /portal/api/rest/session/setAttribute?space=&name=centralTaskProcessSortorder&value=asc 
>> POST /portal/api/rest/session/setAttribute?space=&name=centralTaskProcessPage 
>> POST /portal/api/rest/session/setAttribute?space=&name=centralTaskProcessRowNum 
>> POST /portal/api/rest/session/setAttribute?space=&name=centralTaskProcessSortname 
>> POST /portal/api/rest/session/setAttribute?space=&name=centralTaskProcessSortorder 
<< 204 /portal/api/rest/session/setAttribute?space=&name=centralTaskProcessPage&value=1 RESP: 
<< 204 /portal/api/rest/session/setAttribute?space=&name=centralTaskProcessRowNum&value=15 RESP: 
<< 204 /portal/api/rest/session/setAttribute?space=&name=centralTaskProcessSortname&value=processInstanceId RESP: 
<< 204 /portal/api/rest/session/setAttribute?space=&name=centralTaskProcessSortorder&value=asc RESP: 
<< 204 /portal/api/rest/session/setAttribute?space=&name=centralTaskProcessPage RESP: 
<< 204 /portal/api/rest/session/setAttribute?space=&name=centralTaskProcessRowNum RESP: 
<< 204 /portal/api/rest/session/setAttribute?space=&name=centralTaskProcessSortname RESP: 
<< 204 /portal/api/rest/session/setAttribute?space=&name=centralTaskProcessSortorder RESP: 
>> POST /portal/api/rest/session/setAttribute?space=&name=centralTaskFilterOrder 
>> POST /portal/api/rest/session/setAttribute?space=&name=centralTaskFields 
>> POST /portal/api/rest/session/setAttribute?space=&name=centralTaskFilterId 
>> POST /portal/api/rest/session/setAttribute?space=&name=centralTaskType&value=toapprove 
<< 204 /portal/api/rest/session/setAttribute?space=&name=centralTaskFilterOrder RESP: 
<< 204 /portal/api/rest/session/setAttribute?space=&name=centralTaskFields RESP: 
<< 204 /portal/api/rest/session/setAttribute?space=&name=centralTaskFilterId RESP: 
<< 204 /portal/api/rest/session/setAttribute?space=&name=centralTaskType&value=toapprove RESP: 
>> POST /portal/api/rest/session/setAttribute?space=&name=centralTaskFilterOrder 
>> POST /portal/api/rest/session/setAttribute?space=&name=centralTaskFields 
>> POST /portal/api/rest/session/setAttribute?space=&name=centralTaskFilterId 
<< 204 /portal/api/rest/session/setAttribute?space=&name=centralTaskFilterOrder RESP: 
<< 204 /portal/api/rest/session/setAttribute?space=&name=centralTaskFields RESP: 
<< 204 /portal/api/rest/session/setAttribute?space=&name=centralTaskFilterId RESP: 
>> POST /g/collect?v=2&tid=G-F0FT6D1NQG&gtm=45je68p0h2v9101337015za200zd9101337015&_p=1787767903334&gcd=13l3l3l3l1l1&npa=0&dma=0&_eu=AAAAAAQ&are=1&cid=963404541.1787767635&frm=0&ngs=1&pscdl=noapi&rcb=8&sr=1280x720&uaa=x86&uab=64&uafvl=Not%253DA%253FBrand%3B99.0.0.0%7CHeadlessChrome%3B151.0.7922.34%7CChromium%3B151.0.7922.34&uam=&uamb=0&uap=Linux&uapv=&uaw=0&ul=pt-br&_s=1&tag_exp=115938466~115938468~118897920~118897930~119259605~119367802~119367810~120213116~120385422&sid=1787767635&sct=1&seg=1&dl=https%3A%2F%2Fcaixade182374.fluig.cloudtotvs.com.br%2Fportal%2Fp%2F1%2Fpagecentraltask&dt=Cassi%20-%20Fluig%20Plataforma%20-%20Central%20de%20Tarefas&en=page_view&_ee=1&tfd=5676 
<< 204 /g/collect?v=2&tid=G-F0FT6D1NQG&gtm=45je68p0h2v9101337015za200zd9101337015&_p=1787767903334&gcd=13l3l3l3l1l1&npa=0&dma=0&_eu=AAAAAAQ&are=1&cid=963404541.1787767635&frm=0&ngs=1&pscdl=noapi&rcb=8&sr=1280x720&uaa=x86&uab=64&uafvl=Not%253DA%253FBrand%3B99.0.0.0%7CHeadlessChrome%3B151.0.7922.34%7CChromium%3B151.0.7922.34&uam=&uamb=0&uap=Linux&uapv=&uaw=0&ul=pt-br&_s=1&tag_exp=115938466~115938468~118897920~118897930~119259605~119367802~119367810~120213116~120385422&sid=1787767635&sct=1&seg=1&dl=https%3A%2F%2Fcaixade182374.fluig.cloudtotvs.com.br%2Fportal%2Fp%2F1%2Fpagecentraltask&dt=Cassi%20-%20Fluig%20Plataforma%20-%20Central%20de%20Tarefas&en=page_view&_ee=1&tfd=5676 RESP: 
>> POST /portal/api/rest/session/setAttribute?space=&name=centralTaskType&value=toapprove 
<< 204 /portal/api/rest/session/setAttribute?space=&name=centralTaskType&value=toapprove RESP: 
>> POST /portal/api/rest/session/setAttribute?space=&name=centralTaskFilterOrder 
>> POST /portal/api/rest/session/setAttribute?space=&name=centralTaskFields 
>> POST /portal/api/rest/session/setAttribute?space=&name=centralTaskFilterId 
<< 204 /portal/api/rest/session/setAttribute?space=&name=centralTaskFilterOrder RESP: 
<< 204 /portal/api/rest/session/setAttribute?space=&name=centralTaskFields RESP: 
<< 204 /portal/api/rest/session/setAttribute?space=&name=centralTaskFilterId RESP: 
ACOES DO CARTAO: ["Rejeitar","Aprovar"] docId: 706777
MODAL REJEITAR: × Close Rejeitar documento Insira uma justificativa ao rejeitar o documento "706777 - QA documento Pizza Lindo de Aço d3f4435c" Cancelar Confirmar
--- REJEITANDO (capturar contrato) ---
>> POST /ecm/api/rest/ecm/documentView/approveDocument BODY: {"approved":false,"observation":"QA probe - rejeicao para mapear ciclo de vida","documentId":706777,"version":1000}
<< 200 /ecm/api/rest/ecm/documentView/approveDocument RESP: {"msgId":"Novo documento publicado: QA documento Pizza Lindo de Aço d3f4435c"}
>> POST /portal/api/rest/session/setAttribute?space=&name=centralTaskType&value=toapprove 
<< 204 /portal/api/rest/session/setAttribute?space=&name=centralTaskType&value=toapprove RESP: 
>> POST /portal/api/rest/session/setAttribute?space=&name=centralTaskFilterOrder 
>> POST /portal/api/rest/session/setAttribute?space=&name=centralTaskFields 
>> POST /portal/api/rest/session/setAttribute?space=&name=centralTaskFilterId 
<< 204 /portal/api/rest/session/setAttribute?space=&name=centralTaskFilterOrder RESP: 
<< 204 /portal/api/rest/session/setAttribute?space=&name=centralTaskFields RESP: 
<< 204 /portal/api/rest/session/setAttribute?space=&name=centralTaskFilterId RESP: 
mensagens pos-rejeicao: ["Documento rejeitado com sucesso.\n\n×\nClose"]
>> POST /g/collect?v=2&tid=G-F0FT6D1NQG&gtm=45je68p0h2v9101337015za200zd9101337015&_p=1787767913666&gcd=13l3l3l3l1l1&npa=0&dma=0&_eu=AAAAAAQ&are=1&cid=963404541.1787767635&frm=0&ngs=1&pscdl=noapi&rcb=5&sr=1280x720&uaa=x86&uab=64&uafvl=Not%253DA%253FBrand%3B99.0.0.0%7CHeadlessChrome%3B151.0.7922.34%7CChromium%3B151.0.7922.34&uam=&uamb=0&uap=Linux&uapv=&uaw=0&ul=pt-br&_s=1&tag_exp=115938466~115938469~118897920~118897930~119367802~119367810~119381663~120213116~120385423&sid=1787767635&sct=1&seg=1&dl=https%3A%2F%2Fcaixade182374.fluig.cloudtotvs.com.br%2Fportal%2Fp%2F1%2Fpagecentraltask&dt=Cassi%20-%20Fluig%20Plataforma%20-%20Central%20de%20Tarefas&en=page_view&_ee=1&tfd=5660 
rejeitado aparece na pasta? false
>> POST /g/collect?v=2&tid=G-F0FT6D1NQG&gtm=45je68p0h2v9101337015za200zd9101337015&_p=1787767923769&gcd=13l3l3l3l1l1&npa=0&dma=0&_eu=AAAAAAQ&are=1&cid=963404541.1787767635&frm=0&ngs=1&pscdl=noapi&rcb=13&sr=1280x720&uaa=x86&uab=64&uafvl=Not%253DA%253FBrand%3B99.0.0.0%7CHeadlessChrome%3B151.0.7922.34%7CChromium%3B151.0.7922.34&uam=&uamb=0&uap=Linux&uapv=&uaw=0&ul=pt-br&_s=1&tag_exp=115938465~115938469~118897920~118897930~119367802~119367810~120213116~120385422~120763598&sid=1787767635&sct=1&seg=1&dl=https%3A%2F%2Fcaixade182374.fluig.cloudtotvs.com.br%2Fportal%2Fp%2F1%2Fpagerecyclebin&dt=Cassi%20-%20Fluig%20Plataforma%20-%20Lixeira&en=page_view&_ee=1&tfd=1884 
<< 204 /g/collect?v=2&tid=G-F0FT6D1NQG&gtm=45je68p0h2v9101337015za200zd9101337015&_p=1787767923769&gcd=13l3l3l3l1l1&npa=0&dma=0&_eu=AAAAAAQ&are=1&cid=963404541.1787767635&frm=0&ngs=1&pscdl=noapi&rcb=13&sr=1280x720&uaa=x86&uab=64&uafvl=Not%253DA%253FBrand%3B99.0.0.0%7CHeadlessChrome%3B151.0.7922.34%7CChromium%3B151.0.7922.34&uam=&uamb=0&uap=Linux&uapv=&uaw=0&ul=pt-br&_s=1&tag_exp=115938465~115938469~118897920~118897930~119367802~119367810~120213116~120385422~120763598&sid=1787767635&sct=1&seg=1&dl=https%3A%2F%2Fcaixade182374.fluig.cloudtotvs.com.br%2Fportal%2Fp%2F1%2Fpagerecyclebin&dt=Cassi%20-%20Fluig%20Plataforma%20-%20Lixeira&en=page_view&_ee=1&tfd=1884 RESP: 
>> POST /g/collect?v=2&tid=G-F0FT6D1NQG&gtm=45je68p0h2v9101337015za200zd9101337015&_p=1787767923769&gcd=13l3l3l3l1l1&npa=0&dma=0&_eu=AEAAAAQ&ae=a&are=1&cid=963404541.1787767635&frm=0&ngs=1&pscdl=noapi&rcb=13&sr=1280x720&uaa=x86&uab=64&uafvl=Not%253DA%253FBrand%3B99.0.0.0%7CHeadlessChrome%3B151.0.7922.34%7CChromium%3B151.0.7922.34&uam=&uamb=0&uap=Linux&uapv=&uaw=0&ul=pt-br&_s=2&tag_exp=115938465~115938469~118897920~118897930~119367802~119367810~120213116~120385422~120763598&sid=1787767635&sct=1&seg=1&dl=https%3A%2F%2Fcaixade182374.fluig.cloudtotvs.com.br%2Fportal%2Fp%2F1%2Fpagerecyclebin&dt=Cassi%20-%20Fluig%20Plataforma%20-%20Lixeira&en=scroll&epn.percent_scrolled=90&_et=1219&tfd=6950 
<< 204 /g/collect?v=2&tid=G-F0FT6D1NQG&gtm=45je68p0h2v9101337015za200zd9101337015&_p=1787767923769&gcd=13l3l3l3l1l1&npa=0&dma=0&_eu=AEAAAAQ&ae=a&are=1&cid=963404541.1787767635&frm=0&ngs=1&pscdl=noapi&rcb=13&sr=1280x720&uaa=x86&uab=64&uafvl=Not%253DA%253FBrand%3B99.0.0.0%7CHeadlessChrome%3B151.0.7922.34%7CChromium%3B151.0.7922.34&uam=&uamb=0&uap=Linux&uapv=&uaw=0&ul=pt-br&_s=2&tag_exp=115938465~115938469~118897920~118897930~119367802~119367810~120213116~120385422~120763598&sid=1787767635&sct=1&seg=1&dl=https%3A%2F%2Fcaixade182374.fluig.cloudtotvs.com.br%2Fportal%2Fp%2F1%2Fpagerecyclebin&dt=Cassi%20-%20Fluig%20Plataforma%20-%20Lixeira&en=scroll&epn.percent_scrolled=90&_et=1219&tfd=6950 RESP: 
rejeitado esta na LIXEIRA? false (id 706777)
=== PROBE 2 OK ===
