2026-09-03T12:35:01.080Z	INICIO	01	e2e/acompanhamento-contratos/ciclo-correcao-reenvio.spec.js:242
2026-09-03T12:35:53.310Z	FIM	01	exit=1	52s	e2e/acompanhamento-contratos/ciclo-correcao-reenvio.spec.js:242
2026-09-03T12:37:12.219Z	INICIO	02	e2e/acompanhamento-contratos/ciclo-gestor.spec.js:36
2026-09-03T12:37:47.215Z	FIM	02	exit=1	35s	e2e/acompanhamento-contratos/ciclo-gestor.spec.js:36
2026-09-03T12:38:47.278Z	INICIO	03	e2e/acompanhamento-contratos/ciclo-gestor.spec.js:109
2026-09-03T12:40:04.716Z	FIM	03	exit=1	77s	e2e/acompanhamento-contratos/ciclo-gestor.spec.js:109
2026-09-03T12:41:09.680Z	INICIO	04	e2e/acompanhamento-contratos/ciclo-gestor.spec.js:155
2026-09-03T12:42:23.417Z	FIM	04	exit=1	74s	e2e/acompanhamento-contratos/ciclo-gestor.spec.js:155
2026-09-03T12:43:23.480Z	INICIO	05	e2e/acompanhamento-contratos/criacao-solicitacao.spec.js:112
2026-09-03T12:44:10.828Z	FIM	05	exit=1	47s	e2e/acompanhamento-contratos/criacao-solicitacao.spec.js:112
2026-09-03T12:45:10.889Z	INICIO	06	e2e/acompanhamento-contratos/criacao-solicitacao.spec.js:224
2026-09-03T12:45:38.287Z	FIM	06	exit=1	27s	e2e/acompanhamento-contratos/criacao-solicitacao.spec.js:224
2026-09-03T12:46:45.426Z	INICIO	07	e2e/acompanhamento-contratos/criacao-solicitacao.spec.js:292
2026-09-03T12:47:12.696Z	FIM	07	exit=1	27s	e2e/acompanhamento-contratos/criacao-solicitacao.spec.js:292
2026-09-03T12:48:12.756Z	INICIO	08	e2e/acompanhamento-contratos/criacao-solicitacao.spec.js:422
2026-09-03T12:49:02.329Z	FIM	08	exit=1	50s	e2e/acompanhamento-contratos/criacao-solicitacao.spec.js:422
2026-09-03T12:50:11.181Z	INICIO	09	e2e/compras/aprovacoes-solicitacao-compras.spec.js:317
2026-09-03T12:54:00.896Z	FIM	09	exit=1	230s	e2e/compras/aprovacoes-solicitacao-compras.spec.js:317
2026-09-03T12:55:21.519Z	INICIO	10	e2e/compras/aprovacoes-solicitacao-compras.spec.js:358
2026-09-03T12:59:06.960Z	FIM	10	exit=1	225s	e2e/compras/aprovacoes-solicitacao-compras.spec.js:358
2026-09-03T13:00:24.617Z	INICIO	11	e2e/compras/aprovacoes-solicitacao-compras.spec.js:401
2026-09-03T13:04:35.427Z	FIM	11	exit=1	251s	e2e/compras/aprovacoes-solicitacao-compras.spec.js:401
2026-09-03T13:05:35.437Z	INICIO	12	e2e/compras/aprovacoes-solicitacao-compras.spec.js:498
2026-09-03T13:05:44.565Z	FIM	12	exit=0	9s	e2e/compras/aprovacoes-solicitacao-compras.spec.js:498
2026-09-03T13:06:55.992Z	INICIO	13	e2e/compras/ciclo-solicitacao-compras.spec.js:346
2026-09-03T13:08:39.684Z	FIM	13	exit=0	104s	e2e/compras/ciclo-solicitacao-compras.spec.js:346
2026-09-03T13:09:39.745Z	INICIO	14	e2e/compras/ciclo-solicitacao-compras.spec.js:567
2026-09-03T13:11:28.119Z	FIM	14	exit=1	108s	e2e/compras/ciclo-solicitacao-compras.spec.js:567
2026-09-03T13:12:28.124Z	INICIO	15	e2e/compras/ciclo-solicitacao-compras.spec.js:815
2026-09-03T13:14:45.743Z	FIM	15	exit=1	138s	e2e/compras/ciclo-solicitacao-compras.spec.js:815
2026-09-03T13:16:08.716Z	INICIO	16	e2e/compras/fail-open-formulario-sc.spec.js:127
2026-09-03T13:16:21.930Z	FIM	16	exit=1	13s	e2e/compras/fail-open-formulario-sc.spec.js:127
2026-09-03T13:17:21.992Z	INICIO	17	e2e/contratos/ciclo-faturamento.spec.js:41
2026-09-03T13:18:05.435Z	FIM	17	exit=0	43s	e2e/contratos/ciclo-faturamento.spec.js:41
2026-09-03T13:19:05.494Z	INICIO	18	e2e/contratos/delegacao-fiscais-ciclo.spec.js:42
2026-09-03T13:19:36.734Z	FIM	18	exit=1	31s	e2e/contratos/delegacao-fiscais-ciclo.spec.js:42
2026-09-03T13:20:53.749Z	INICIO	19	e2e/contratos/delegacao-fiscais-ciclo.spec.js:82
2026-09-03T13:21:04.357Z	FIM	19	exit=1	11s	e2e/contratos/delegacao-fiscais-ciclo.spec.js:82
2026-09-03T13:22:04.382Z	INICIO	20	e2e/documentos/bloqueio-extensoes.spec.js:133
2026-09-03T13:22:49.724Z	FIM	20	exit=1	45s	e2e/documentos/bloqueio-extensoes.spec.js:133
2026-09-03T13:23:50.446Z	INICIO	21	e2e/documentos/bloqueio-extensoes.spec.js:149
2026-09-03T13:25:01.535Z	FIM	21	exit=1	71s	e2e/documentos/bloqueio-extensoes.spec.js:149
2026-09-03T13:26:01.595Z	INICIO	22	e2e/documentos/bloqueio-extensoes.spec.js:163
2026-09-03T13:26:45.127Z	FIM	22	exit=1	44s	e2e/documentos/bloqueio-extensoes.spec.js:163
2026-09-03T13:34:44.342Z	INICIO	23	e2e/documentos/bloqueio-extensoes.spec.js:176
2026-09-03T13:35:27.639Z	FIM	23	exit=1	43s	e2e/documentos/bloqueio-extensoes.spec.js:176
2026-09-03T13:36:27.663Z	INICIO	24	e2e/documentos/gestao-documentos.spec.js:39
2026-09-03T13:36:44.984Z	FIM	24	exit=0	17s	e2e/documentos/gestao-documentos.spec.js:39
2026-09-03T13:37:44.999Z	INICIO	25	e2e/documentos/gestao-documentos.spec.js:66
2026-09-03T13:38:28.786Z	FIM	25	exit=1	44s	e2e/documentos/gestao-documentos.spec.js:66
2026-09-03T13:39:28.844Z	INICIO	26	e2e/documentos/gestao-documentos.spec.js:108
2026-09-03T13:40:09.158Z	FIM	26	exit=0	40s	e2e/documentos/gestao-documentos.spec.js:108
2026-09-03T13:41:40.321Z	INICIO	27	e2e/documentos/lixeira-documentos.spec.js:43
2026-09-03T13:42:08.841Z	FIM	27	exit=0	29s	e2e/documentos/lixeira-documentos.spec.js:43
2026-09-03T13:43:08.895Z	INICIO	28	e2e/documentos/rejeicao-documento.spec.js:139
2026-09-03T13:43:37.302Z	FIM	28	exit=0	28s	e2e/documentos/rejeicao-documento.spec.js:139
2026-09-03T13:44:37.360Z	INICIO	29	e2e/juridico/sigajuri-consultivo.spec.js:48
2026-09-03T13:44:46.695Z	FIM	29	exit=1	9s	e2e/juridico/sigajuri-consultivo.spec.js:48
2026-09-03T13:45:46.755Z	INICIO	30	e2e/juridico/sigajuri-consultivo.spec.js:80
2026-09-03T13:45:59.648Z	FIM	30	exit=0	13s	e2e/juridico/sigajuri-consultivo.spec.js:80
2026-09-03T13:58:06.614Z	INICIO	31	e2e/juridico/sigajuri-contencioso.spec.js:113
2026-09-03T13:58:15.626Z	FIM	31	exit=1	9s	e2e/juridico/sigajuri-contencioso.spec.js:113
2026-09-03T13:59:15.668Z	INICIO	32	e2e/plataforma/favoritos-contrato-api.spec.js:126
2026-09-03T13:59:23.965Z	FIM	32	exit=1	8s	e2e/plataforma/favoritos-contrato-api.spec.js:126
2026-09-03T14:00:23.995Z	INICIO	33	e2e/plataforma/favoritos.spec.js:32
2026-09-03T14:00:39.947Z	FIM	33	exit=0	16s	e2e/plataforma/favoritos.spec.js:32
2026-09-03T14:01:39.973Z	INICIO	34	e2e/portais/alcadas-orcamentaria.spec.js:39
2026-09-03T14:04:14.034Z	FIM	34	exit=0	154s	e2e/portais/alcadas-orcamentaria.spec.js:39
2026-09-03T14:05:27.021Z	INICIO	35	e2e/portais/alcadas-orcamentaria.spec.js:60
2026-09-03T14:07:58.198Z	FIM	35	exit=0	151s	e2e/portais/alcadas-orcamentaria.spec.js:60
2026-09-03T14:08:58.217Z	INICIO	36	e2e/portais/alcadas-orcamentaria.spec.js:90
2026-09-03T14:11:35.931Z	FIM	36	exit=0	158s	e2e/portais/alcadas-orcamentaria.spec.js:90
2026-09-03T14:12:35.987Z	INICIO	37	e2e/portais/atribuicao-comprador.spec.js:83
2026-09-03T14:15:10.298Z	FIM	37	exit=0	154s	e2e/portais/atribuicao-comprador.spec.js:83
2026-09-03T14:16:10.339Z	INICIO	38	e2e/portais/ciclo-comprador.spec.js:60
2026-09-03T14:18:43.642Z	FIM	38	exit=0	153s	e2e/portais/ciclo-comprador.spec.js:60
2026-09-03T14:18:57.992Z	INICIO	39	e2e/portais/ciclo-comprador.spec.js:200
2026-09-03T14:21:34.772Z	FIM	39	exit=0	157s	e2e/portais/ciclo-comprador.spec.js:200
2026-09-03T14:22:34.829Z	INICIO	40	e2e/portais/ciclo-comprador.spec.js:219
2026-09-03T14:24:04.174Z	FIM	40	exit=0	89s	e2e/portais/ciclo-comprador.spec.js:219
2026-09-03T14:25:09.178Z	INICIO	41	e2e/saude/questionario-clinicassi.spec.js:106
2026-09-03T14:25:22.372Z	FIM	41	exit=0	13s	e2e/saude/questionario-clinicassi.spec.js:106
2026-09-03T14:26:22.420Z	INICIO	42	e2e/saude/questionario-clinicassi.spec.js:168
2026-09-03T14:26:31.780Z	FIM	42	exit=0	9s	e2e/saude/questionario-clinicassi.spec.js:168
2026-09-03T14:27:31.839Z	INICIO	43	e2e/tarefas/acoes-da-tarefa.spec.js:184
2026-09-03T14:31:25.320Z	FIM	43	exit=1	233s	e2e/tarefas/acoes-da-tarefa.spec.js:184
2026-09-03T14:32:29.932Z	INICIO	44	e2e/tarefas/acoes-da-tarefa.spec.js:297
2026-09-03T14:36:16.457Z	FIM	44	exit=1	227s	e2e/tarefas/acoes-da-tarefa.spec.js:297
2026-09-03T14:37:16.516Z	INICIO	45	e2e/tarefas/assumir-tarefa-pool.spec.js:34
2026-09-03T14:37:33.332Z	FIM	45	exit=0	17s	e2e/tarefas/assumir-tarefa-pool.spec.js:34
2026-09-03T14:38:38.695Z	INICIO	46	e2e/tarefas/cancelamento-solicitacao.spec.js:130
2026-09-03T14:39:04.672Z	FIM	46	exit=0	26s	e2e/tarefas/cancelamento-solicitacao.spec.js:130
2026-09-03T14:40:04.735Z	INICIO	47	e2e/tarefas/cancelamento-solicitacao.spec.js:245
2026-09-03T14:40:17.677Z	FIM	47	exit=0	13s	e2e/tarefas/cancelamento-solicitacao.spec.js:245
2026-09-03T14:50:44.633Z	INICIO	01	e2e/acompanhamento-contratos/ciclo-correcao-reenvio.spec.js:242
2026-09-03T14:52:50.540Z	FIM	01	exit=1	126s	e2e/acompanhamento-contratos/ciclo-correcao-reenvio.spec.js:242
2026-09-03T14:53:58.517Z	INICIO	15	e2e/compras/ciclo-solicitacao-compras.spec.js:815
2026-09-03T14:56:39.677Z	FIM	15	exit=1	161s	e2e/compras/ciclo-solicitacao-compras.spec.js:815
